vl161bra@ct-sypr-ss20-10:~/z-drive/S2/SYPR/sypr-uebungen/aufgabe4$ make clean
rm -f notenspiegel notenspiegel.o leistung.o spo3_ain2.o 
vl161bra@ct-sypr-ss20-10:~/z-drive/S2/SYPR/sypr-uebungen/aufgabe4$ make notenspiegel
gcc -g -W -Wall -std=c11 -pedantic   -c -o notenspiegel.o notenspiegel.c
gcc -g -W -Wall -std=c11 -pedantic   -c -o leistung.o leistung.c
gcc -g -W -Wall -std=c11 -pedantic   -c -o spo3_ain2.o spo3_ain2.c
gcc -g -W -Wall -std=c11 -pedantic -o notenspiegel notenspiegel.o leistung.o spo3_ain2.o
vl161bra@ct-sypr-ss20-10:~/z-drive/S2/SYPR/sypr-uebungen/aufgabe4$ ./notenspiegel
Leistungen eingeben (Noten zwichen 10 und 50, Scheine B oder N, Ende mit Strg-D):
Hello 10
Mathematik_2 20
Systemprogrammierung 10
mey b
Mathematik_2 B
Stochastik N
Rechnerarchitekturen 20
Rechnerarchitekturen B
Programmiertechnik_2 B
NNN T
Programmiertechnik_2 10
Stochastik 17
Zu viele Eingaben!
NOTENSPIEGEL:
Fehler: Hello
Mathematik 2        	L	2,0
Systemprogrammierung	L	1,0
Fehler: mey
Mathematik 2        	S	bestanden
Stochastik          	S	nicht bestanden
Rechnerarchitekturen	L	2,0
Rechnerarchitekturen	S	bestanden
Programmiertechnik 2	S	bestanden
Fehler: NNN
Programmiertechnik 2	L	1,0
vl161bra@ct-sypr-ss20-10:~/z-drive/S2/SYPR/sypr-uebungen/aufgabe4$ valgrind ./notenspiegel
==23324== Memcheck, a memory error detector
==23324== Copyright (C) 2002-2017, and GNU GPL'd, by Julian Seward et al.
==23324== Using Valgrind-3.14.0 and LibVEX; rerun with -h for copyright info
==23324== Command: ./notenspiegel
==23324== 
Leistungen eingeben (Noten zwichen 10 und 50, Scheine B oder N, Ende mit Strg-D):
Mathematik_2 17
Stochastik 12
Systemprogrammierung 37
Rechnerarchitekturen B
Rechnerarchitekturen 23
Mathematik_2 N
Programmiertechnik_2 18
Programmiertechnik_2 H
May 23
Mathe_2 10
Hello H
123 Mey
Zu viele Eingaben!
NOTENSPIEGEL:
Mathematik 2        	L	1,7
Stochastik          	L	Fehler: 12
Systemprogrammierung	L	3,7
Rechnerarchitekturen	S	bestanden
Rechnerarchitekturen	L	2,3
Mathematik 2        	S	nicht bestanden
Programmiertechnik 2	L	Fehler: 18
Programmiertechnik 2	S	Fehler: H
Fehler: May
Fehler: Mathe 2
Fehler: Hello
==23324== 
==23324== HEAP SUMMARY:
==23324==     in use at exit: 0 bytes in 0 blocks
==23324==   total heap usage: 2 allocs, 2 frees, 2,048 bytes allocated
==23324== 
==23324== All heap blocks were freed -- no leaks are possible
==23324== 
==23324== For counts of detected and suppressed errors, rerun with: -v
==23324== ERROR SUMMARY: 0 errors from 0 contexts (suppressed: 0 from 0)
vl161bra@ct-sypr-ss20-10:~/z-drive/S2/SYPR/sypr-uebungen/aufgabe4$ make cppcheck
cppcheck --enable=warning,style --std=c11 notenspiegel.c leistung.c spo3_ain2.c
Checking leistung.c ...
1/3 files checked 47% done
Checking notenspiegel.c ...
Checking notenspiegel.c: __unix__...
2/3 files checked 82% done
Checking spo3_ain2.c ...
3/3 files checked 100% done
vl161bra@ct-sypr-ss20-10:~/z-drive/S2/SYPR/sypr-uebungen/aufgabe4$ valgrind ./notenspiegel < notenspiegel-in.txt
==23731== Memcheck, a memory error detector
==23731== Copyright (C) 2002-2017, and GNU GPL'd, by Julian Seward et al.
==23731== Using Valgrind-3.14.0 and LibVEX; rerun with -h for copyright info
==23731== Command: ./notenspiegel
==23731== 
Leistungen eingeben (Noten zwichen 10 und 50, Scheine B oder N, Ende mit Strg-D):
Zu viele Eingaben!
NOTENSPIEGEL:
Mathematik 2        	L	2,3
Mathematik 2        	S	bestanden
Stochastik          	L	1,7
Programmiertechnik 2	L	2,7
Systemprogrammierung	L	3,0
Systemprogrammierung	S	bestanden
Rechnerarchitekturen	L	4,0
Rechnerarchitekturen	S	nicht bestanden
Rechnerarchitekturen	L	Fehler: 11
Rechnerarchitekturen	S	Fehler: X
Fehler: NN
==23731== 
==23731== HEAP SUMMARY:
==23731==     in use at exit: 0 bytes in 0 blocks
==23731==   total heap usage: 2 allocs, 2 frees, 9,216 bytes allocated
==23731== 
==23731== All heap blocks were freed -- no leaks are possible
==23731== 
==23731== For counts of detected and suppressed errors, rerun with: -v
==23731== ERROR SUMMARY: 0 errors from 0 contexts (suppressed: 0 from 0)
vl161bra@ct-sypr-ss20-10:~/z-drive/S2/SYPR/sypr-uebungen/aufgabe4$ ./notenspiegel < notenspiegel-in.txt > out.txt
Leistungen eingeben (Noten zwichen 10 und 50, Scheine B oder N, Ende mit Strg-D):
Zu viele Eingaben!
vl161bra@ct-sypr-ss20-10:~/z-drive/S2/SYPR/sypr-uebungen/aufgabe4$ diff -Z notenspiegel-out.txt out.txt
vl161bra@ct-sypr-ss20-10:~/z-drive/S2/SYPR/sypr-uebungen/aufgabe4$

Antwort:

Wieviel Byte Speicher benÃ¶tigt eine Variabel vom Typ leistung?
21 * 1 Byte + 4 Byte + 4 Byte = 29 Byte
=> Es braucht mindestens 29 Byte